[2026-05-18 05:55:11.81] Compiling `test-echidna/EchidnaTaxSplitter.sol`... Done! (3.646342635s)
Analyzing contract: /code/packages/contracts-evm/test-echidna/EchidnaTaxSplitter.sol:EchidnaTaxSplitter
[2026-05-18 05:55:15.53] Running slither on `test-echidna/EchidnaTaxSplitter.sol`... WARNING: Running slither failed. Echidna will continue, however fuzzing will likely be less effective.

Done! (0.411599386s)
Loaded 0 transaction sequences from echidna-corpus/reproducers
Loaded 0 transaction sequences from echidna-corpus/coverage
[2026-05-18 05:55:16.23] [Worker 1] New coverage: 2502 instr, 3 contracts, 1 seqs in corpus
[2026-05-18 05:55:16.23] [Worker 3] New coverage: 2502 instr, 3 contracts, 2 seqs in corpus
[2026-05-18 05:55:16.23]  Saved reproducer to echidna-corpus/coverage/2606928778102047714.txt
[2026-05-18 05:55:16.24]  Saved reproducer to echidna-corpus/coverage/4626904258036070970.txt
[2026-05-18 05:55:16.24] [Worker 2] New coverage: 2502 instr, 3 contracts, 3 seqs in corpus
[2026-05-18 05:55:16.25]  Saved reproducer to echidna-corpus/coverage/2427388380118790991.txt
[2026-05-18 05:55:16.26] [Worker 0] New coverage: 2502 instr, 3 contracts, 4 seqs in corpus
[2026-05-18 05:55:16.26]  Saved reproducer to echidna-corpus/coverage/8027266302577828530.txt
[2026-05-18 05:55:16.49] [Worker 2] New coverage: 2506 instr, 3 contracts, 5 seqs in corpus
[2026-05-18 05:55:16.49]  Saved reproducer to echidna-corpus/coverage/3631071676352051747.txt
[2026-05-18 05:55:18.96] [status] tests: 0/8, fuzzing: 6435/50000, values: [], cov: 2506, corpus: 5, gas/s: 113823900
[2026-05-18 05:55:21.97] [status] tests: 0/8, fuzzing: 13170/50000, values: [], cov: 2506, corpus: 5, gas/s: 118825324
[2026-05-18 05:55:22.30] [Worker 2] New coverage: 2510 instr, 3 contracts, 6 seqs in corpus
[2026-05-18 05:55:22.31]  Saved reproducer to echidna-corpus/coverage/2214840376397641011.txt
[2026-05-18 05:55:24.97] [status] tests: 0/8, fuzzing: 19695/50000, values: [], cov: 2510, corpus: 6, gas/s: 111148042
[2026-05-18 05:55:27.98] [status] tests: 0/8, fuzzing: 26587/50000, values: [], cov: 2510, corpus: 6, gas/s: 115685363
[2026-05-18 05:55:30.98] [status] tests: 0/8, fuzzing: 33132/50000, values: [], cov: 2510, corpus: 6, gas/s: 111237678
[2026-05-18 05:55:33.99] [status] tests: 0/8, fuzzing: 39498/50000, values: [], cov: 2510, corpus: 6, gas/s: 108459048
[2026-05-18 05:55:36.99] [status] tests: 0/8, fuzzing: 46220/50000, values: [], cov: 2510, corpus: 6, gas/s: 115659971
[2026-05-18 05:55:38.40] [Worker 2] Test limit reached. Stopping.
[2026-05-18 05:55:38.57] [Worker 0] Test limit reached. Stopping.
[2026-05-18 05:55:38.75] [Worker 1] Test limit reached. Stopping.
[2026-05-18 05:55:38.76] [Worker 3] Test limit reached. Stopping.
[2026-05-18 05:55:38.76] [status] tests: 0/8, fuzzing: 50122/50000, values: [], cov: 2510, corpus: 6, gas/s: 99042593
echidna_token_recipients_sum_bounded: passing
echidna_native_no_blowup: passing
echidna_recipients_immutable: passing
echidna_recipients_sum_bounded: passing
echidna_agent_bps_remainder: passing
echidna_token_no_blowup: passing
echidna_bps_constants: passing
echidna_bps_invariant: passing

Unique instructions: 2510
Unique codehashes: 3
Corpus size: 6
Seed: 4571471077541438589
Total calls: 50122

[2026-05-18 05:55:38.76] Saving test reproducers... Done! (0.000001293s)
[2026-05-18 05:55:38.76] Saving corpus... Done! (0.0004568s)
[2026-05-18 05:55:38.76] Saving foundry reproducers... Done! (0.000170181s)
[2026-05-18 05:55:38.76] Saving coverage... Done! (0.298990125s)
