No files changed, compilation skipped

Ran 9 tests for test/foundry/invariants/WaveNInvariants.t.sol:TreasuryLP4InvariantTest
[PASS] invariant_bps_room_for_agent() (runs: 256, calls: 16384, reverts: 0)

╭--------------------+-----------------------+-------+---------+----------╮
| Contract           | Selector              | Calls | Reverts | Discards |
+=========================================================================+
| TreasuryLP4Handler | nonAgentClaim         | 2059  | 0       | 0        |
|--------------------+-----------------------+-------+---------+----------|
| TreasuryLP4Handler | nonOwnerPauseTier     | 2034  | 0       | 0        |
|--------------------+-----------------------+-------+---------+----------|
| TreasuryLP4Handler | nonOwnerSetBuybackBps | 1988  | 0       | 0        |
|--------------------+-----------------------+-------+---------+----------|
| TreasuryLP4Handler | nonOwnerSetEpoch      | 2034  | 0       | 0        |
|--------------------+-----------------------+-------+---------+----------|
| TreasuryLP4Handler | nonOwnerSetPair       | 2042  | 0       | 0        |
|--------------------+-----------------------+-------+---------+----------|
| TreasuryLP4Handler | pauseTier             | 1971  | 0       | 0        |
|--------------------+-----------------------+-------+---------+----------|
| TreasuryLP4Handler | setBuybackBps         | 2123  | 0       | 0        |
|--------------------+-----------------------+-------+---------+----------|
| TreasuryLP4Handler | setEpochLength        | 2133  | 0       | 0        |
╰--------------------+-----------------------+-------+---------+----------╯

[PASS] invariant_buyback_bps_bounded() (runs: 256, calls: 16384, reverts: 0)

╭--------------------+-----------------------+-------+---------+----------╮
| Contract           | Selector              | Calls | Reverts | Discards |
+=========================================================================+
| TreasuryLP4Handler | nonAgentClaim         | 2083  | 0       | 0        |
|--------------------+-----------------------+-------+---------+----------|
| TreasuryLP4Handler | nonOwnerPauseTier     | 2063  | 0       | 0        |
|--------------------+-----------------------+-------+---------+----------|
| TreasuryLP4Handler | nonOwnerSetBuybackBps | 2094  | 0       | 0        |
|--------------------+-----------------------+-------+---------+----------|
| TreasuryLP4Handler | nonOwnerSetEpoch      | 2014  | 0       | 0        |
|--------------------+-----------------------+-------+---------+----------|
| TreasuryLP4Handler | nonOwnerSetPair       | 2077  | 0       | 0        |
|--------------------+-----------------------+-------+---------+----------|
| TreasuryLP4Handler | pauseTier             | 2041  | 0       | 0        |
|--------------------+-----------------------+-------+---------+----------|
| TreasuryLP4Handler | setBuybackBps         | 2009  | 0       | 0        |
|--------------------+-----------------------+-------+---------+----------|
| TreasuryLP4Handler | setEpochLength        | 2003  | 0       | 0        |
╰--------------------+-----------------------+-------+---------+----------╯

[PASS] invariant_epoch_length_bounded() (runs: 256, calls: 16384, reverts: 0)

╭--------------------+-----------------------+-------+---------+----------╮
| Contract           | Selector              | Calls | Reverts | Discards |
+=========================================================================+
| TreasuryLP4Handler | nonAgentClaim         | 1988  | 0       | 0        |
|--------------------+-----------------------+-------+---------+----------|
| TreasuryLP4Handler | nonOwnerPauseTier     | 2104  | 0       | 0        |
|--------------------+-----------------------+-------+---------+----------|
| TreasuryLP4Handler | nonOwnerSetBuybackBps | 2095  | 0       | 0        |
|--------------------+-----------------------+-------+---------+----------|
| TreasuryLP4Handler | nonOwnerSetEpoch      | 2088  | 0       | 0        |
|--------------------+-----------------------+-------+---------+----------|
| TreasuryLP4Handler | nonOwnerSetPair       | 2018  | 0       | 0        |
|--------------------+-----------------------+-------+---------+----------|
| TreasuryLP4Handler | pauseTier             | 1961  | 0       | 0        |
|--------------------+-----------------------+-------+---------+----------|
| TreasuryLP4Handler | setBuybackBps         | 2053  | 0       | 0        |
|--------------------+-----------------------+-------+---------+----------|
| TreasuryLP4Handler | setEpochLength        | 2077  | 0       | 0        |
╰--------------------+-----------------------+-------+---------+----------╯

[PASS] invariant_immutables_constant() (runs: 256, calls: 16384, reverts: 0)

╭--------------------+-----------------------+-------+---------+----------╮
| Contract           | Selector              | Calls | Reverts | Discards |
+=========================================================================+
| TreasuryLP4Handler | nonAgentClaim         | 2124  | 0       | 0        |
|--------------------+-----------------------+-------+---------+----------|
| TreasuryLP4Handler | nonOwnerPauseTier     | 2050  | 0       | 0        |
|--------------------+-----------------------+-------+---------+----------|
| TreasuryLP4Handler | nonOwnerSetBuybackBps | 2004  | 0       | 0        |
|--------------------+-----------------------+-------+---------+----------|
| TreasuryLP4Handler | nonOwnerSetEpoch      | 2083  | 0       | 0        |
|--------------------+-----------------------+-------+---------+----------|
| TreasuryLP4Handler | nonOwnerSetPair       | 2005  | 0       | 0        |
|--------------------+-----------------------+-------+---------+----------|
| TreasuryLP4Handler | pauseTier             | 2021  | 0       | 0        |
|--------------------+-----------------------+-------+---------+----------|
| TreasuryLP4Handler | setBuybackBps         | 1924  | 0       | 0        |
|--------------------+-----------------------+-------+---------+----------|
| TreasuryLP4Handler | setEpochLength        | 2173  | 0       | 0        |
╰--------------------+-----------------------+-------+---------+----------╯

[PASS] invariant_no_tiers_deployed() (runs: 256, calls: 16384, reverts: 0)

╭--------------------+-----------------------+-------+---------+----------╮
| Contract           | Selector              | Calls | Reverts | Discards |
+=========================================================================+
| TreasuryLP4Handler | nonAgentClaim         | 2032  | 0       | 0        |
|--------------------+-----------------------+-------+---------+----------|
| TreasuryLP4Handler | nonOwnerPauseTier     | 1943  | 0       | 0        |
|--------------------+-----------------------+-------+---------+----------|
| TreasuryLP4Handler | nonOwnerSetBuybackBps | 2060  | 0       | 0        |
|--------------------+-----------------------+-------+---------+----------|
| TreasuryLP4Handler | nonOwnerSetEpoch      | 2138  | 0       | 0        |
|--------------------+-----------------------+-------+---------+----------|
| TreasuryLP4Handler | nonOwnerSetPair       | 2069  | 0       | 0        |
|--------------------+-----------------------+-------+---------+----------|
| TreasuryLP4Handler | pauseTier             | 2046  | 0       | 0        |
|--------------------+-----------------------+-------+---------+----------|
| TreasuryLP4Handler | setBuybackBps         | 2074  | 0       | 0        |
|--------------------+-----------------------+-------+---------+----------|
| TreasuryLP4Handler | setEpochLength        | 2022  | 0       | 0        |
╰--------------------+-----------------------+-------+---------+----------╯

[PASS] invariant_owner_is_test() (runs: 256, calls: 16384, reverts: 0)

╭--------------------+-----------------------+-------+---------+----------╮
| Contract           | Selector              | Calls | Reverts | Discards |
+=========================================================================+
| TreasuryLP4Handler | nonAgentClaim         | 2063  | 0       | 0        |
|--------------------+-----------------------+-------+---------+----------|
| TreasuryLP4Handler | nonOwnerPauseTier     | 2043  | 0       | 0        |
|--------------------+-----------------------+-------+---------+----------|
| TreasuryLP4Handler | nonOwnerSetBuybackBps | 2073  | 0       | 0        |
|--------------------+-----------------------+-------+---------+----------|
| TreasuryLP4Handler | nonOwnerSetEpoch      | 2040  | 0       | 0        |
|--------------------+-----------------------+-------+---------+----------|
| TreasuryLP4Handler | nonOwnerSetPair       | 1985  | 0       | 0        |
|--------------------+-----------------------+-------+---------+----------|
| TreasuryLP4Handler | pauseTier             | 2076  | 0       | 0        |
|--------------------+-----------------------+-------+---------+----------|
| TreasuryLP4Handler | setBuybackBps         | 2068  | 0       | 0        |
|--------------------+-----------------------+-------+---------+----------|
| TreasuryLP4Handler | setEpochLength        | 2036  | 0       | 0        |
╰--------------------+-----------------------+-------+---------+----------╯

[PASS] invariant_pair_not_set() (runs: 256, calls: 16384, reverts: 0)

╭--------------------+-----------------------+-------+---------+----------╮
| Contract           | Selector              | Calls | Reverts | Discards |
+=========================================================================+
| TreasuryLP4Handler | nonAgentClaim         | 2011  | 0       | 0        |
|--------------------+-----------------------+-------+---------+----------|
| TreasuryLP4Handler | nonOwnerPauseTier     | 2088  | 0       | 0        |
|--------------------+-----------------------+-------+---------+----------|
| TreasuryLP4Handler | nonOwnerSetBuybackBps | 2096  | 0       | 0        |
|--------------------+-----------------------+-------+---------+----------|
| TreasuryLP4Handler | nonOwnerSetEpoch      | 2015  | 0       | 0        |
|--------------------+-----------------------+-------+---------+----------|
| TreasuryLP4Handler | nonOwnerSetPair       | 2086  | 0       | 0        |
|--------------------+-----------------------+-------+---------+----------|
| TreasuryLP4Handler | pauseTier             | 2088  | 0       | 0        |
|--------------------+-----------------------+-------+---------+----------|
| TreasuryLP4Handler | setBuybackBps         | 2014  | 0       | 0        |
|--------------------+-----------------------+-------+---------+----------|
| TreasuryLP4Handler | setEpochLength        | 1986  | 0       | 0        |
╰--------------------+-----------------------+-------+---------+----------╯

[PASS] invariant_recipients_immutable() (runs: 256, calls: 16384, reverts: 0)

╭--------------------+-----------------------+-------+---------+----------╮
| Contract           | Selector              | Calls | Reverts | Discards |
+=========================================================================+
| TreasuryLP4Handler | nonAgentClaim         | 2047  | 0       | 0        |
|--------------------+-----------------------+-------+---------+----------|
| TreasuryLP4Handler | nonOwnerPauseTier     | 1973  | 0       | 0        |
|--------------------+-----------------------+-------+---------+----------|
| TreasuryLP4Handler | nonOwnerSetBuybackBps | 2132  | 0       | 0        |
|--------------------+-----------------------+-------+---------+----------|
| TreasuryLP4Handler | nonOwnerSetEpoch      | 2051  | 0       | 0        |
|--------------------+-----------------------+-------+---------+----------|
| TreasuryLP4Handler | nonOwnerSetPair       | 2049  | 0       | 0        |
|--------------------+-----------------------+-------+---------+----------|
| TreasuryLP4Handler | pauseTier             | 1996  | 0       | 0        |
|--------------------+-----------------------+-------+---------+----------|
| TreasuryLP4Handler | setBuybackBps         | 2134  | 0       | 0        |
|--------------------+-----------------------+-------+---------+----------|
| TreasuryLP4Handler | setEpochLength        | 2002  | 0       | 0        |
╰--------------------+-----------------------+-------+---------+----------╯

[PASS] invariant_split_bps_fixed() (runs: 256, calls: 16384, reverts: 0)

╭--------------------+-----------------------+-------+---------+----------╮
| Contract           | Selector              | Calls | Reverts | Discards |
+=========================================================================+
| TreasuryLP4Handler | nonAgentClaim         | 2042  | 0       | 0        |
|--------------------+-----------------------+-------+---------+----------|
| TreasuryLP4Handler | nonOwnerPauseTier     | 2043  | 0       | 0        |
|--------------------+-----------------------+-------+---------+----------|
| TreasuryLP4Handler | nonOwnerSetBuybackBps | 2052  | 0       | 0        |
|--------------------+-----------------------+-------+---------+----------|
| TreasuryLP4Handler | nonOwnerSetEpoch      | 1985  | 0       | 0        |
|--------------------+-----------------------+-------+---------+----------|
| TreasuryLP4Handler | nonOwnerSetPair       | 2098  | 0       | 0        |
|--------------------+-----------------------+-------+---------+----------|
| TreasuryLP4Handler | pauseTier             | 2036  | 0       | 0        |
|--------------------+-----------------------+-------+---------+----------|
| TreasuryLP4Handler | setBuybackBps         | 2070  | 0       | 0        |
|--------------------+-----------------------+-------+---------+----------|
| TreasuryLP4Handler | setEpochLength        | 2058  | 0       | 0        |
╰--------------------+-----------------------+-------+---------+----------╯

Suite result: ok. 9 passed; 0 failed; 0 skipped; finished in 1.83s (11.70s CPU time)

Ran 6 tests for test/foundry/invariants/WaveMInvariants.t.sol:TaxSplitterInvariantTest
[PASS] invariant_bps_sum() (runs: 256, calls: 16384, reverts: 0)

╭--------------------+---------------+-------+---------+----------╮
| Contract           | Selector      | Calls | Reverts | Discards |
+=================================================================+
| TaxSplitterHandler | depositNative | 3228  | 0       | 0        |
|--------------------+---------------+-------+---------+----------|
| TaxSplitterHandler | depositToken  | 3270  | 0       | 0        |
|--------------------+---------------+-------+---------+----------|
| TaxSplitterHandler | split         | 3312  | 0       | 0        |
|--------------------+---------------+-------+---------+----------|
| TaxSplitterHandler | splitMany     | 3292  | 0       | 0        |
|--------------------+---------------+-------+---------+----------|
| TaxSplitterHandler | splitToken    | 3282  | 0       | 0        |
╰--------------------+---------------+-------+---------+----------╯

[PASS] invariant_native_conservation() (runs: 256, calls: 16384, reverts: 0)

╭--------------------+---------------+-------+---------+----------╮
| Contract           | Selector      | Calls | Reverts | Discards |
+=================================================================+
| TaxSplitterHandler | depositNative | 3268  | 0       | 0        |
|--------------------+---------------+-------+---------+----------|
| TaxSplitterHandler | depositToken  | 3233  | 0       | 0        |
|--------------------+---------------+-------+---------+----------|
| TaxSplitterHandler | split         | 3327  | 0       | 0        |
|--------------------+---------------+-------+---------+----------|
| TaxSplitterHandler | splitMany     | 3263  | 0       | 0        |
|--------------------+---------------+-------+---------+----------|
| TaxSplitterHandler | splitToken    | 3293  | 0       | 0        |
╰--------------------+---------------+-------+---------+----------╯

[PASS] invariant_recipients_immutable() (runs: 256, calls: 16384, reverts: 0)

╭--------------------+---------------+-------+---------+----------╮
| Contract           | Selector      | Calls | Reverts | Discards |
+=================================================================+
| TaxSplitterHandler | depositNative | 3218  | 0       | 0        |
|--------------------+---------------+-------+---------+----------|
| TaxSplitterHandler | depositToken  | 3261  | 0       | 0        |
|--------------------+---------------+-------+---------+----------|
| TaxSplitterHandler | split         | 3316  | 0       | 0        |
|--------------------+---------------+-------+---------+----------|
| TaxSplitterHandler | splitMany     | 3282  | 0       | 0        |
|--------------------+---------------+-------+---------+----------|
| TaxSplitterHandler | splitToken    | 3307  | 0       | 0        |
╰--------------------+---------------+-------+---------+----------╯

[PASS] invariant_splitter_native_bounded() (runs: 256, calls: 16384, reverts: 0)

╭--------------------+---------------+-------+---------+----------╮
| Contract           | Selector      | Calls | Reverts | Discards |
+=================================================================+
| TaxSplitterHandler | depositNative | 3253  | 0       | 0        |
|--------------------+---------------+-------+---------+----------|
| TaxSplitterHandler | depositToken  | 3331  | 0       | 0        |
|--------------------+---------------+-------+---------+----------|
| TaxSplitterHandler | split         | 3229  | 0       | 0        |
|--------------------+---------------+-------+---------+----------|
| TaxSplitterHandler | splitMany     | 3265  | 0       | 0        |
|--------------------+---------------+-------+---------+----------|
| TaxSplitterHandler | splitToken    | 3306  | 0       | 0        |
╰--------------------+---------------+-------+---------+----------╯

[PASS] invariant_splitter_token_bounded() (runs: 256, calls: 16384, reverts: 0)

╭--------------------+---------------+-------+---------+----------╮
| Contract           | Selector      | Calls | Reverts | Discards |
+=================================================================+
| TaxSplitterHandler | depositNative | 3348  | 0       | 0        |
|--------------------+---------------+-------+---------+----------|
| TaxSplitterHandler | depositToken  | 3224  | 0       | 0        |
|--------------------+---------------+-------+---------+----------|
| TaxSplitterHandler | split         | 3291  | 0       | 0        |
|--------------------+---------------+-------+---------+----------|
| TaxSplitterHandler | splitMany     | 3300  | 0       | 0        |
|--------------------+---------------+-------+---------+----------|
| TaxSplitterHandler | splitToken    | 3221  | 0       | 0        |
╰--------------------+---------------+-------+---------+----------╯

[PASS] invariant_token_conservation() (runs: 256, calls: 16384, reverts: 0)

╭--------------------+---------------+-------+---------+----------╮
| Contract           | Selector      | Calls | Reverts | Discards |
+=================================================================+
| TaxSplitterHandler | depositNative | 3290  | 0       | 0        |
|--------------------+---------------+-------+---------+----------|
| TaxSplitterHandler | depositToken  | 3250  | 0       | 0        |
|--------------------+---------------+-------+---------+----------|
| TaxSplitterHandler | split         | 3230  | 0       | 0        |
|--------------------+---------------+-------+---------+----------|
| TaxSplitterHandler | splitMany     | 3281  | 0       | 0        |
|--------------------+---------------+-------+---------+----------|
| TaxSplitterHandler | splitToken    | 3333  | 0       | 0        |
╰--------------------+---------------+-------+---------+----------╯

Suite result: ok. 6 passed; 0 failed; 0 skipped; finished in 3.02s (13.26s CPU time)

Ran 4 tests for test/foundry/invariants/WaveMInvariants.t.sol:AgentSafeDeployerInvariantTest
[PASS] invariant_deployer_never_owner() (runs: 256, calls: 16384, reverts: 0)

╭--------------------------+----------+-------+---------+----------╮
| Contract                 | Selector | Calls | Reverts | Discards |
+==================================================================+
| AgentSafeDeployerHandler | deploy   | 16384 | 0       | 0        |
╰--------------------------+----------+-------+---------+----------╯

[PASS] invariant_immutables_constant() (runs: 256, calls: 16384, reverts: 0)

╭--------------------------+----------+-------+---------+----------╮
| Contract                 | Selector | Calls | Reverts | Discards |
+==================================================================+
| AgentSafeDeployerHandler | deploy   | 16384 | 0       | 0        |
╰--------------------------+----------+-------+---------+----------╯

[PASS] invariant_owners_match() (runs: 256, calls: 16384, reverts: 0)

╭--------------------------+----------+-------+---------+----------╮
| Contract                 | Selector | Calls | Reverts | Discards |
+==================================================================+
| AgentSafeDeployerHandler | deploy   | 16384 | 0       | 0        |
╰--------------------------+----------+-------+---------+----------╯

[PASS] invariant_threshold_match() (runs: 256, calls: 16384, reverts: 0)

╭--------------------------+----------+-------+---------+----------╮
| Contract                 | Selector | Calls | Reverts | Discards |
+==================================================================+
| AgentSafeDeployerHandler | deploy   | 16384 | 0       | 0        |
╰--------------------------+----------+-------+---------+----------╯

Suite result: ok. 4 passed; 0 failed; 0 skipped; finished in 5.46s (19.23s CPU time)

Ran 3 test suites in 5.46s (10.31s CPU time): 19 tests passed, 0 failed, 0 skipped (19 total tests)
